Archive member included because of file (symbol)

..\..\nxp_xpresso_1769_board_lib\Debug\libnxp_xpresso_1769_board_lib.a(board_nxp_xpresso_1769.o)
                              ./VirtualSerial.o (Board_Init)
..\..\nxp_xpresso_1769_board_lib\Debug\libnxp_xpresso_1769_board_lib.a(sysinit_nxp_xpresso_1769.o)
                              ./cr_startup_lpc17xx40xx.o (SystemInit)
..\..\nxp_xpresso_1769_board_lib\Debug\libnxp_xpresso_1769_board_lib.a(enet_002.o)
                              ..\..\nxp_xpresso_1769_board_lib\Debug\libnxp_xpresso_1769_board_lib.a(board_nxp_xpresso_1769.o) (IP_ENET_StartMIIWrite)
..\..\nxp_xpresso_1769_board_lib\Debug\libnxp_xpresso_1769_board_lib.a(usart_001.o)
                              ..\..\nxp_xpresso_1769_board_lib\Debug\libnxp_xpresso_1769_board_lib.a(board_nxp_xpresso_1769.o) (IP_UART_ConfigData)
..\..\nxp_xpresso_1769_board_lib\Debug\libnxp_xpresso_1769_board_lib.a(clock_17xx_40xx.o)
                              ..\..\nxp_xpresso_1769_board_lib\Debug\libnxp_xpresso_1769_board_lib.a(sysinit_nxp_xpresso_1769.o) (Chip_Clock_EnablePLL)
..\..\nxp_xpresso_1769_board_lib\Debug\libnxp_xpresso_1769_board_lib.a(iocon_17xx_40xx.o)
                              ..\..\nxp_xpresso_1769_board_lib\Debug\libnxp_xpresso_1769_board_lib.a(board_nxp_xpresso_1769.o) (Chip_IOCON_PinMux)
..\..\nxp_xpresso_1769_board_lib\Debug\libnxp_xpresso_1769_board_lib.a(uart_17xx_40xx.o)
                              ..\..\nxp_xpresso_1769_board_lib\Debug\libnxp_xpresso_1769_board_lib.a(board_nxp_xpresso_1769.o) (Chip_UART_Init)
C:\Users\nix\Desktop\new LPCxpresso project\nxp_xpresso_1769_usblib_device\Debug\libnxp_xpresso_1769_usblib_device.a(USBController.o)
                              ./VirtualSerial.o (USB_Init)
C:\Users\nix\Desktop\new LPCxpresso project\nxp_xpresso_1769_usblib_device\Debug\libnxp_xpresso_1769_usblib_device.a(USBTask.o)
                              C:\Users\nix\Desktop\new LPCxpresso project\nxp_xpresso_1769_usblib_device\Debug\libnxp_xpresso_1769_usblib_device.a(USBController.o) (USB_IsInitialized)
C:\Users\nix\Desktop\new LPCxpresso project\nxp_xpresso_1769_usblib_device\Debug\libnxp_xpresso_1769_usblib_device.a(CDCClassDevice.o)
                              ./VirtualSerial.o (CDC_Device_ProcessControlRequest)
C:\Users\nix\Desktop\new LPCxpresso project\nxp_xpresso_1769_usblib_device\Debug\libnxp_xpresso_1769_usblib_device.a(HAL_LPC17xx.o)
                              C:\Users\nix\Desktop\new LPCxpresso project\nxp_xpresso_1769_usblib_device\Debug\libnxp_xpresso_1769_usblib_device.a(USBController.o) (HAL_USBInit)
C:\Users\nix\Desktop\new LPCxpresso project\nxp_xpresso_1769_usblib_device\Debug\libnxp_xpresso_1769_usblib_device.a(Endpoint_LPC17xx.o)
                              C:\Users\nix\Desktop\new LPCxpresso project\nxp_xpresso_1769_usblib_device\Debug\libnxp_xpresso_1769_usblib_device.a(USBTask.o) (SETUPReceived)
C:\Users\nix\Desktop\new LPCxpresso project\nxp_xpresso_1769_usblib_device\Debug\libnxp_xpresso_1769_usblib_device.a(DeviceStandardReq.o)
                              C:\Users\nix\Desktop\new LPCxpresso project\nxp_xpresso_1769_usblib_device\Debug\libnxp_xpresso_1769_usblib_device.a(USBController.o) (USB_Device_ConfigurationNumber)
C:\Users\nix\Desktop\new LPCxpresso project\nxp_xpresso_1769_usblib_device\Debug\libnxp_xpresso_1769_usblib_device.a(Endpoint.o)
                              C:\Users\nix\Desktop\new LPCxpresso project\nxp_xpresso_1769_usblib_device\Debug\libnxp_xpresso_1769_usblib_device.a(CDCClassDevice.o) (usb_data_buffer)
C:\Users\nix\Desktop\new LPCxpresso project\nxp_xpresso_1769_usblib_device\Debug\libnxp_xpresso_1769_usblib_device.a(EndpointStream.o)
                              C:\Users\nix\Desktop\new LPCxpresso project\nxp_xpresso_1769_usblib_device\Debug\libnxp_xpresso_1769_usblib_device.a(CDCClassDevice.o) (Endpoint_Write_Stream_LE)
c:/nxp/lpcxpresso_7.2.0_153/lpcxpresso/tools/bin/../lib/gcc/arm-none-eabi/4.8.3/../../../../arm-none-eabi/lib/armv7-m\libcr_c.a(memcpy.o)
                              ..\..\nxp_xpresso_1769_board_lib\Debug\libnxp_xpresso_1769_board_lib.a(board_nxp_xpresso_1769.o) (memcpy)
c:/nxp/lpcxpresso_7.2.0_153/lpcxpresso/tools/bin/../lib/gcc/arm-none-eabi/4.8.3/../../../../arm-none-eabi/lib/armv7-m\libcr_c.a(memset.o)
                              C:\Users\nix\Desktop\new LPCxpresso project\nxp_xpresso_1769_usblib_device\Debug\libnxp_xpresso_1769_usblib_device.a(CDCClassDevice.o) (memset)
c:/nxp/lpcxpresso_7.2.0_153/lpcxpresso/tools/bin/../lib/gcc/arm-none-eabi/4.8.3/../../../../arm-none-eabi/lib/armv7-m\libcr_c.a(__weak__main.o)
                              ./cr_startup_lpc17xx40xx.o (__main)
c:/nxp/lpcxpresso_7.2.0_153/lpcxpresso/tools/bin/../lib/gcc/arm-none-eabi/4.8.3/../../../../arm-none-eabi/lib/armv7-m\libcr_c.a(strlen.o)
                              C:\Users\nix\Desktop\new LPCxpresso project\nxp_xpresso_1769_usblib_device\Debug\libnxp_xpresso_1769_usblib_device.a(CDCClassDevice.o) (strlen)
[...]
Memory Configuration

Name             Origin             Length             Attributes
MFlash512        0x00000000         0x00080000         xr
RamLoc32         0x10000000         0x00008000         xrw
RamAHB32         0x2007c000         0x00008000         xrw
*default*        0x00000000         0xffffffff

Linker script and memory map

LOAD ./Descriptors.o
LOAD ./VirtualSerial.o
LOAD ./cr_startup_lpc17xx40xx.o
LOAD ..\..\nxp_xpresso_1769_board_lib\Debug\libnxp_xpresso_1769_board_lib.a
LOAD C:\Users\nix\Desktop\new LPCxpresso project\nxp_xpresso_1769_usblib_device\Debug\libnxp_xpresso_1769_usblib_device.a
START GROUP
LOAD c:/nxp/lpcxpresso_7.2.0_153/lpcxpresso/tools/bin/../lib/gcc/arm-none-eabi/4.8.3/../../../../arm-none-eabi/lib/armv7-m\libcr_c.a
LOAD c:/nxp/lpcxpresso_7.2.0_153/lpcxpresso/tools/bin/../lib/gcc/arm-none-eabi/4.8.3/armv7-m\libcr_eabihelpers.a
END GROUP
                0x00080000                __top_MFlash512 = 0x80000
                0x10008000                __top_RamLoc32 = 0x10008000
                0x20084000                __top_RamAHB32 = 0x20084000

.text           0x00000000     0x3c5c
 FILL mask 0xff
                0x00000000                __vectors_start__ = ABSOLUTE (.)
 *(.isr_vector)
 .isr_vector    0x00000000       0xcc ./cr_startup_lpc17xx40xx.o
                0x00000000                g_pfnVectors
                0x000000cc                . = ALIGN (0x4)
                0x000000cc                __section_table_start = .
                0x000000cc                __data_section_table = .
                0x000000cc        0x4 LONG 0x3c5c LOADADDR (.data)
                0x000000d0        0x4 LONG 0x10000000 ADDR (.data)
                0x000000d4        0x4 LONG 0xb0 SIZEOF (.data)
                0x000000d8        0x4 LONG 0x3c5c LOADADDR (.data_RAM2)
                0x000000dc        0x4 LONG 0x2007c000 ADDR (.data_RAM2)
                0x000000e0        0x4 LONG 0x0 SIZEOF (.data_RAM2)
                0x000000e4                __data_section_table_end = .
                0x000000e4                __bss_section_table = .
                0x000000e4        0x4 LONG 0x100000b0 ADDR (.bss)
                0x000000e8        0x4 LONG 0x58 SIZEOF (.bss)
                0x000000ec        0x4 LONG 0x2007c000 ADDR (.bss_RAM2)
                0x000000f0        0x4 LONG 0xa80 SIZEOF (.bss_RAM2)
                0x000000f4                __bss_section_table_end = .
                0x000000f4                __section_table_end = .
 *(.after_vectors*)
 .after_vectors
                0x000000f4      0x144 ./cr_startup_lpc17xx40xx.o
                0x000000f4                data_init
                0x00000138                bss_init
                0x00000170                ResetISR
                0x000001e8                NMI_Handler
                0x000001f0                HardFault_Handler
                0x000001f8                MemManage_Handler
                0x00000200                BusFault_Handler
                0x00000208                UsageFault_Handler
                0x00000210                SVC_Handler
                0x00000218                DebugMon_Handler
                0x00000220                PendSV_Handler
                0x00000228                SysTick_Handler
                0x00000230                I2C1_IRQHandler
                0x00000230                EINT2_IRQHandler
                0x00000230                UART1_IRQHandler
                0x00000230                EINT3_IRQHandler
                0x00000230                CANActivity_IRQHandler
                0x00000230                TIMER3_IRQHandler
                0x00000230                UART0_IRQHandler
                0x00000230                I2C0_IRQHandler
                0x00000230                PWM1_IRQHandler
                0x00000230                IntDefaultHandler
                0x00000230                PLL0_IRQHandler
                0x00000230                CAN_IRQHandler
                0x00000230                PLL1_IRQHandler
                0x00000230                RIT_IRQHandler
                0x00000230                I2S_IRQHandler
                0x00000230                I2C2_IRQHandler
                0x00000230                RTC_IRQHandler
                0x00000230                TIMER0_IRQHandler
                0x00000230                SPI_IRQHandler
                0x00000230                LCD_IRQHandler
                0x00000230                SDIO_IRQHandler
                0x00000230                EINT1_IRQHandler
                0x00000230                TIMER1_IRQHandler
                0x00000230                UART2_IRQHandler
                0x00000230                UART4_IRQHandler
                0x00000230                ADC_IRQHandler
                0x00000230                SSP1_IRQHandler
                0x00000230                BOD_IRQHandler
                0x00000230                TIMER2_IRQHandler
                0x00000230                WDT_IRQHandler
                0x00000230                USBActivity_IRQHandler
                0x00000230                QEI_IRQHandler
                0x00000230                EINT0_IRQHandler
                0x00000230                ETH_IRQHandler
                0x00000230                PWM0_IRQHandler
                0x00000230                SSP2_IRQHandler
                0x00000230                EEPROM_IRQHandler
                0x00000230                SSP0_IRQHandler
                0x00000230                DMA_IRQHandler
                0x00000230                GPIO_IRQHandler
                0x00000230                UART3_IRQHandler
                0x00000230                MCPWM_IRQHandler
 *(.text*)
 .text.CALLBACK_USB_GetDescriptor
                0x00000238       0xb4 ./Descriptors.o
                0x00000238                CALLBACK_USB_GetDescriptor
 .text.SetupHardware
                0x000002ec       0x1c ./VirtualSerial.o
 .text.EchoCharacter
                0x00000308       0x34 ./VirtualSerial.o
 .text.main     0x0000033c       0x20 ./VirtualSerial.o
                0x0000033c                main
 .text.EVENT_USB_Device_ConfigurationChanged
                0x0000035c       0x2c ./VirtualSerial.o
                0x0000035c                EVENT_USB_Device_ConfigurationChanged
 .text.EVENT_USB_Device_ControlRequest
                0x00000388       0x24 ./VirtualSerial.o
                0x00000388                EVENT_USB_Device_ControlRequest
 .text.EVENT_CDC_Device_LineEncodingChanged
                0x000003ac       0x14 ./VirtualSerial.o
                0x000003ac                EVENT_CDC_Device_LineEncodingChanged
 .text.Board_LED_Init
                0x000003c0       0x10 ..\..\nxp_xpresso_1769_board_lib\Debug\libnxp_xpresso_1769_board_lib.a(board_nxp_xpresso_1769.o)
 .text.SystemCoreClockUpdate
                0x000003d0       0x10 ..\..\nxp_xpresso_1769_board_lib\Debug\libnxp_xpresso_1769_board_lib.a(board_nxp_xpresso_1769.o)
                0x000003d0                SystemCoreClockUpdate
 .text.Board_Debug_Init
                0x000003e0       0x30 ..\..\nxp_xpresso_1769_board_lib\Debug\libnxp_xpresso_1769_board_lib.a(board_nxp_xpresso_1769.o)
                0x000003e0                Board_Debug_Init
 .text.Board_Init
                0x00000410       0x10 ..\..\nxp_xpresso_1769_board_lib\Debug\libnxp_xpresso_1769_board_lib.a(board_nxp_xpresso_1769.o)
                0x00000410                Board_Init
 .text.SystemSetupClocking
                0x00000420       0x84 ..\..\nxp_xpresso_1769_board_lib\Debug\libnxp_xpresso_1769_board_lib.a(sysinit_nxp_xpresso_1769.o)
 .text.SystemSetupMuxing
                0x000004a4       0x34 ..\..\nxp_xpresso_1769_board_lib\Debug\libnxp_xpresso_1769_board_lib.a(sysinit_nxp_xpresso_1769.o)
 .text.SystemInit
                0x000004d8       0x1c ..\..\nxp_xpresso_1769_board_lib\Debug\libnxp_xpresso_1769_board_lib.a(sysinit_nxp_xpresso_1769.o)
                0x000004d8                SystemInit
 .text.IP_UART_Init
                0x000004f4       0x54 ..\..\nxp_xpresso_1769_board_lib\Debug\libnxp_xpresso_1769_board_lib.a(usart_001.o)
                0x000004f4                IP_UART_Init
 .text.IP_UART_SetBaud
                0x00000548      0x11c ..\..\nxp_xpresso_1769_board_lib\Debug\libnxp_xpresso_1769_board_lib.a(usart_001.o)
                0x00000548                IP_UART_SetBaud
 .text.IP_UART_ConfigData
                0x00000664       0x18 ..\..\nxp_xpresso_1769_board_lib\Debug\libnxp_xpresso_1769_board_lib.a(usart_001.o)
                0x00000664                IP_UART_ConfigData
 .text.IP_UART_TxCmd
                0x0000067c       0x10 ..\..\nxp_xpresso_1769_board_lib\Debug\libnxp_xpresso_1769_board_lib.a(usart_001.o)
                0x0000067c                IP_UART_TxCmd
 .text.Chip_Clock_EnablePLL
                0x0000068c       0x28 ..\..\nxp_xpresso_1769_board_lib\Debug\libnxp_xpresso_1769_board_lib.a(clock_17xx_40xx.o)
                0x0000068c                Chip_Clock_EnablePLL
 .text.Chip_Clock_DisablePLL
                0x000006b4       0x2c ..\..\nxp_xpresso_1769_board_lib\Debug\libnxp_xpresso_1769_board_lib.a(clock_17xx_40xx.o)
                0x000006b4                Chip_Clock_DisablePLL
 .text.Chip_Clock_SetupPLL
                0x000006e0       0x34 ..\..\nxp_xpresso_1769_board_lib\Debug\libnxp_xpresso_1769_board_lib.a(clock_17xx_40xx.o)
                0x000006e0                Chip_Clock_SetupPLL
 .text.Chip_Clock_EnablePeriphClock
                0x00000714       0x18 ..\..\nxp_xpresso_1769_board_lib\Debug\libnxp_xpresso_1769_board_lib.a(clock_17xx_40xx.o)
                0x00000714                Chip_Clock_EnablePeriphClock
 .text.Chip_Clock_SetCPUClockSource
                0x0000072c       0x1c ..\..\nxp_xpresso_1769_board_lib\Debug\libnxp_xpresso_1769_board_lib.a(clock_17xx_40xx.o)
                0x0000072c                Chip_Clock_SetCPUClockSource
 .text.Chip_Clock_GetCPUClockSource
                0x00000748       0x18 ..\..\nxp_xpresso_1769_board_lib\Debug\libnxp_xpresso_1769_board_lib.a(clock_17xx_40xx.o)
                0x00000748                Chip_Clock_GetCPUClockSource
 .text.Chip_Clock_SetCPUClockDiv
                0x00000760        0xc ..\..\nxp_xpresso_1769_board_lib\Debug\libnxp_xpresso_1769_board_lib.a(clock_17xx_40xx.o)
                0x00000760                Chip_Clock_SetCPUClockDiv
 .text.Chip_Clock_GetCPUClockDiv
                0x0000076c       0x10 ..\..\nxp_xpresso_1769_board_lib\Debug\libnxp_xpresso_1769_board_lib.a(clock_17xx_40xx.o)
                0x0000076c                Chip_Clock_GetCPUClockDiv
 .text.Chip_Clock_SetUSBClockDiv
                0x0000077c       0x18 ..\..\nxp_xpresso_1769_board_lib\Debug\libnxp_xpresso_1769_board_lib.a(clock_17xx_40xx.o)
                0x0000077c                Chip_Clock_SetUSBClockDiv
 .text.Chip_Clock_GetPLCKDiv
                0x00000794       0x3c ..\..\nxp_xpresso_1769_board_lib\Debug\libnxp_xpresso_1769_board_lib.a(clock_17xx_40xx.o)
                0x00000794                Chip_Clock_GetPLCKDiv
 .text.Chip_Clock_GetSYSCLKRate
                0x000007d0       0x30 ..\..\nxp_xpresso_1769_board_lib\Debug\libnxp_xpresso_1769_board_lib.a(clock_17xx_40xx.o)
                0x000007d0                Chip_Clock_GetSYSCLKRate
 .text.Chip_Clock_GetMainPllOutClockRate
                0x00000800       0x3c ..\..\nxp_xpresso_1769_board_lib\Debug\libnxp_xpresso_1769_board_lib.a(clock_17xx_40xx.o)
                0x00000800                Chip_Clock_GetMainPllOutClockRate
 .text.Chip_Clock_GetMainClockRate
                0x0000083c       0x1c ..\..\nxp_xpresso_1769_board_lib\Debug\libnxp_xpresso_1769_board_lib.a(clock_17xx_40xx.o)
                0x0000083c                Chip_Clock_GetMainClockRate
 .text.Chip_Clock_GetSystemClockRate
                0x00000858       0x14 ..\..\nxp_xpresso_1769_board_lib\Debug\libnxp_xpresso_1769_board_lib.a(clock_17xx_40xx.o)
                0x00000858                Chip_Clock_GetSystemClockRate
 .text.Chip_Clock_GetPeripheralClockRate
                0x0000086c       0x18 ..\..\nxp_xpresso_1769_board_lib\Debug\libnxp_xpresso_1769_board_lib.a(clock_17xx_40xx.o)
                0x0000086c                Chip_Clock_GetPeripheralClockRate
 .text.Chip_IOCON_PinMux
                0x00000884       0x3c ..\..\nxp_xpresso_1769_board_lib\Debug\libnxp_xpresso_1769_board_lib.a(iocon_17xx_40xx.o)
                0x00000884                Chip_IOCON_PinMux
 .text.Chip_UART_Get_UARTNum
                0x000008c0       0x34 ..\..\nxp_xpresso_1769_board_lib\Debug\libnxp_xpresso_1769_board_lib.a(uart_17xx_40xx.o)
 .text.Chip_UART_DetermineClk
                0x000008f4       0x28 ..\..\nxp_xpresso_1769_board_lib\Debug\libnxp_xpresso_1769_board_lib.a(uart_17xx_40xx.o)
 .text.Chip_UART_GetClockRate
                0x0000091c       0x3c ..\..\nxp_xpresso_1769_board_lib\Debug\libnxp_xpresso_1769_board_lib.a(uart_17xx_40xx.o)
 .text.Chip_UART_Init
                0x00000958       0x20 ..\..\nxp_xpresso_1769_board_lib\Debug\libnxp_xpresso_1769_board_lib.a(uart_17xx_40xx.o)
                0x00000958                Chip_UART_Init
 .text.Chip_UART_SetBaud
                0x00000978       0x18 ..\..\nxp_xpresso_1769_board_lib\Debug\libnxp_xpresso_1769_board_lib.a(uart_17xx_40xx.o)
                0x00000978                Chip_UART_SetBaud
 .text.Chip_UART_TxCmd
                0x00000990       0x18 ..\..\nxp_xpresso_1769_board_lib\Debug\libnxp_xpresso_1769_board_lib.a(uart_17xx_40xx.o)
                0x00000990                Chip_UART_TxCmd
 .text.USB_Init
                0x000009a8       0x40 C:\Users\nix\Desktop\new LPCxpresso project\nxp_xpresso_1769_usblib_device\Debug\libnxp_xpresso_1769_usblib_device.a(USBController.o)
                0x000009a8                USB_Init
 .text.USB_ResetInterface
                0x000009e8       0x24 C:\Users\nix\Desktop\new LPCxpresso project\nxp_xpresso_1769_usblib_device\Debug\libnxp_xpresso_1769_usblib_device.a(USBController.o)
                0x000009e8                USB_ResetInterface
 .text.USB_Init_Device
                0x00000a0c       0x64 C:\Users\nix\Desktop\new LPCxpresso project\nxp_xpresso_1769_usblib_device\Debug\libnxp_xpresso_1769_usblib_device.a(USBController.o)
 .text.USB_USBTask
                0x00000a70       0x1c C:\Users\nix\Desktop\new LPCxpresso project\nxp_xpresso_1769_usblib_device\Debug\libnxp_xpresso_1769_usblib_device.a(USBTask.o)
                0x00000a70                USB_USBTask
 .text.USB_DeviceTask
                0x00000a8c       0x68 C:\Users\nix\Desktop\new LPCxpresso project\nxp_xpresso_1769_usblib_device\Debug\libnxp_xpresso_1769_usblib_device.a(USBTask.o)
 .text.CDC_Device_ProcessControlRequest
                0x00000af4      0xcb8 C:\Users\nix\Desktop\new LPCxpresso project\nxp_xpresso_1769_usblib_device\Debug\libnxp_xpresso_1769_usblib_device.a(CDCClassDevice.o)
                0x00000af4                CDC_Device_ProcessControlRequest
 .text.CDC_Device_ConfigureEndpoints
                0x000017ac       0xc8 C:\Users\nix\Desktop\new LPCxpresso project\nxp_xpresso_1769_usblib_device\Debug\libnxp_xpresso_1769_usblib_device.a(CDCClassDevice.o)
                0x000017ac                CDC_Device_ConfigureEndpoints
 .text.CDC_Device_SendData
                0x00001874      0x11c C:\Users\nix\Desktop\new LPCxpresso project\nxp_xpresso_1769_usblib_device\Debug\libnxp_xpresso_1769_usblib_device.a(CDCClassDevice.o)
                0x00001874                CDC_Device_SendData
 .text.CDC_Device_BytesReceived
                0x00001990      0x1dc C:\Users\nix\Desktop\new LPCxpresso project\nxp_xpresso_1769_usblib_device\Debug\libnxp_xpresso_1769_usblib_device.a(CDCClassDevice.o)
                0x00001990                CDC_Device_BytesReceived
 .text.CDC_Device_ReceiveByte
                0x00001b6c      0x274 C:\Users\nix\Desktop\new LPCxpresso project\nxp_xpresso_1769_usblib_device\Debug\libnxp_xpresso_1769_usblib_device.a(CDCClassDevice.o)
                0x00001b6c                CDC_Device_ReceiveByte
 .text.CDC_Device_Event_Stub
                0x00001de0       0x14 C:\Users\nix\Desktop\new LPCxpresso project\nxp_xpresso_1769_usblib_device\Debug\libnxp_xpresso_1769_usblib_device.a(CDCClassDevice.o)
                0x00001de0                CDC_Device_Event_Stub
                0x00001de0                EVENT_CDC_Device_ControLineStateChanged
 .text.CDC_Device_Event_Stub2
                0x00001df4       0x18 C:\Users\nix\Desktop\new LPCxpresso project\nxp_xpresso_1769_usblib_device\Debug\libnxp_xpresso_1769_usblib_device.a(CDCClassDevice.o)
                0x00001df4                CDC_Device_Event_Stub2
                0x00001df4                EVENT_CDC_Device_BreakSent
 .text.NVIC_EnableIRQ
                0x00001e0c       0x30 C:\Users\nix\Desktop\new LPCxpresso project\nxp_xpresso_1769_usblib_device\Debug\libnxp_xpresso_1769_usblib_device.a(HAL_LPC17xx.o)
 .text.NVIC_DisableIRQ
                0x00001e3c       0x34 C:\Users\nix\Desktop\new LPCxpresso project\nxp_xpresso_1769_usblib_device\Debug\libnxp_xpresso_1769_usblib_device.a(HAL_LPC17xx.o)
 .text.Chip_Clock_GetPLLStatus
                0x00001e70       0x28 C:\Users\nix\Desktop\new LPCxpresso project\nxp_xpresso_1769_usblib_device\Debug\libnxp_xpresso_1769_usblib_device.a(HAL_LPC17xx.o)
 .text.HAL_USBInit
                0x00001e98       0x98 C:\Users\nix\Desktop\new LPCxpresso project\nxp_xpresso_1769_usblib_device\Debug\libnxp_xpresso_1769_usblib_device.a(HAL_LPC17xx.o)
                0x00001e98                HAL_USBInit
 .text.HAL_EnableUSBInterrupt
                0x00001f30       0x18 C:\Users\nix\Desktop\new LPCxpresso project\nxp_xpresso_1769_usblib_device\Debug\libnxp_xpresso_1769_usblib_device.a(HAL_LPC17xx.o)
                0x00001f30                HAL_EnableUSBInterrupt
 .text.HAL_DisableUSBInterrupt
                0x00001f48       0x18 C:\Users\nix\Desktop\new LPCxpresso project\nxp_xpresso_1769_usblib_device\Debug\libnxp_xpresso_1769_usblib_device.a(HAL_LPC17xx.o)
                0x00001f48                HAL_DisableUSBInterrupt
 .text.HAL_USBConnect
                0x00001f60       0x28 C:\Users\nix\Desktop\new LPCxpresso project\nxp_xpresso_1769_usblib_device\Debug\libnxp_xpresso_1769_usblib_device.a(HAL_LPC17xx.o)
                0x00001f60                HAL_USBConnect
 .text.USB_IRQHandler
                0x00001f88       0x20 C:\Users\nix\Desktop\new LPCxpresso project\nxp_xpresso_1769_usblib_device\Debug\libnxp_xpresso_1769_usblib_device.a(HAL_LPC17xx.o)
                0x00001f88                USB_IRQHandler
 .text.SIE_WriteCommand
                0x00001fa8       0x38 C:\Users\nix\Desktop\new LPCxpresso project\nxp_xpresso_1769_usblib_device\Debug\libnxp_xpresso_1769_usblib_device.a(Endpoint_LPC17xx.o)
                0x00001fa8                SIE_WriteCommand
 .text.SIE_WriteCommandData
                0x00001fe0       0x58 C:\Users\nix\Desktop\new LPCxpresso project\nxp_xpresso_1769_usblib_device\Debug\libnxp_xpresso_1769_usblib_device.a(Endpoint_LPC17xx.o)
                0x00001fe0                SIE_WriteCommandData
 .text.SIE_ReadCommandData
                0x00002038       0x40 C:\Users\nix\Desktop\new LPCxpresso project\nxp_xpresso_1769_usblib_device\Debug\libnxp_xpresso_1769_usblib_device.a(Endpoint_LPC17xx.o)
                0x00002038                SIE_ReadCommandData
 .text.HAL_Reset
                0x00002078      0x13c C:\Users\nix\Desktop\new LPCxpresso project\nxp_xpresso_1769_usblib_device\Debug\libnxp_xpresso_1769_usblib_device.a(Endpoint_LPC17xx.o)
                0x00002078                HAL_Reset
 .text.Endpoint_StallTransaction
                0x000021b4       0x80 C:\Users\nix\Desktop\new LPCxpresso project\nxp_xpresso_1769_usblib_device\Debug\libnxp_xpresso_1769_usblib_device.a(Endpoint_LPC17xx.o)
                0x000021b4                Endpoint_StallTransaction
 .text.Endpoint_ConfigureEndpoint
                0x00002234      0x1ac C:\Users\nix\Desktop\new LPCxpresso project\nxp_xpresso_1769_usblib_device\Debug\libnxp_xpresso_1769_usblib_device.a(Endpoint_LPC17xx.o)
                0x00002234                Endpoint_ConfigureEndpoint
 .text.ReadControlEndpoint
                0x000023e0       0x98 C:\Users\nix\Desktop\new LPCxpresso project\nxp_xpresso_1769_usblib_device\Debug\libnxp_xpresso_1769_usblib_device.a(Endpoint_LPC17xx.o)
                0x000023e0                ReadControlEndpoint
 .text.WriteControlEndpoint
                0x00002478       0xbc C:\Users\nix\Desktop\new LPCxpresso project\nxp_xpresso_1769_usblib_device\Debug\libnxp_xpresso_1769_usblib_device.a(Endpoint_LPC17xx.o)
                0x00002478                WriteControlEndpoint
 .text.HAL17XX_USBConnect
                0x00002534       0x2c C:\Users\nix\Desktop\new LPCxpresso project\nxp_xpresso_1769_usblib_device\Debug\libnxp_xpresso_1769_usblib_device.a(Endpoint_LPC17xx.o)
                0x00002534                HAL17XX_USBConnect
 .text.Endpoint_GetSetupPackage
                0x00002560       0x20 C:\Users\nix\Desktop\new LPCxpresso project\nxp_xpresso_1769_usblib_device\Debug\libnxp_xpresso_1769_usblib_device.a(Endpoint_LPC17xx.o)
                0x00002560                Endpoint_GetSetupPackage
 .text.SlaveEndpointISR
                0x00002580       0xec C:\Users\nix\Desktop\new LPCxpresso project\nxp_xpresso_1769_usblib_device\Debug\libnxp_xpresso_1769_usblib_device.a(Endpoint_LPC17xx.o)
                0x00002580                SlaveEndpointISR
 .text.DcdDataTransfer
                0x0000266c      0x224 C:\Users\nix\Desktop\new LPCxpresso project\nxp_xpresso_1769_usblib_device\Debug\libnxp_xpresso_1769_usblib_device.a(Endpoint_LPC17xx.o)
                0x0000266c                DcdDataTransfer
 .text.DMAEndTransferISR
                0x00002890      0x10c C:\Users\nix\Desktop\new LPCxpresso project\nxp_xpresso_1769_usblib_device\Debug\libnxp_xpresso_1769_usblib_device.a(Endpoint_LPC17xx.o)
                0x00002890                DMAEndTransferISR
 .text.DMANewTransferRequestISR
                0x0000299c      0x158 C:\Users\nix\Desktop\new LPCxpresso project\nxp_xpresso_1769_usblib_device\Debug\libnxp_xpresso_1769_usblib_device.a(Endpoint_LPC17xx.o)
                0x0000299c                DMANewTransferRequestISR
 .text.DcdIrqHandler
                0x00002af4      0x124 C:\Users\nix\Desktop\new LPCxpresso project\nxp_xpresso_1769_usblib_device\Debug\libnxp_xpresso_1769_usblib_device.a(Endpoint_LPC17xx.o)
                0x00002af4                DcdIrqHandler
 .text.Dummy_EPGetISOAddress
                0x00002c18       0x1c C:\Users\nix\Desktop\new LPCxpresso project\nxp_xpresso_1769_usblib_device\Debug\libnxp_xpresso_1769_usblib_device.a(Endpoint_LPC17xx.o)
                0x00002c18                Dummy_EPGetISOAddress
                0x00002c18                CALLBACK_HAL_GetISOBufferAddress
 .text.USB_Device_ProcessControlRequest
                0x00002c34      0x14c C:\Users\nix\Desktop\new LPCxpresso project\nxp_xpresso_1769_usblib_device\Debug\libnxp_xpresso_1769_usblib_device.a(DeviceStandardReq.o)
                0x00002c34                USB_Device_ProcessControlRequest
 .text.USB_Device_SetAddress
                0x00002d80      0x17c C:\Users\nix\Desktop\new LPCxpresso project\nxp_xpresso_1769_usblib_device\Debug\libnxp_xpresso_1769_usblib_device.a(DeviceStandardReq.o)
 .text.USB_Device_SetConfiguration
                0x00002efc       0xa4 C:\Users\nix\Desktop\new LPCxpresso project\nxp_xpresso_1769_usblib_device\Debug\libnxp_xpresso_1769_usblib_device.a(DeviceStandardReq.o)
 .text.USB_Device_GetConfiguration
                0x00002fa0      0x16c C:\Users\nix\Desktop\new LPCxpresso project\nxp_xpresso_1769_usblib_device\Debug\libnxp_xpresso_1769_usblib_device.a(DeviceStandardReq.o)
 .text.USB_Device_GetDescriptor
                0x0000310c      0x124 C:\Users\nix\Desktop\new LPCxpresso project\nxp_xpresso_1769_usblib_device\Debug\libnxp_xpresso_1769_usblib_device.a(DeviceStandardReq.o)
 .text.USB_Device_GetStatus
                0x00003230      0x2b0 C:\Users\nix\Desktop\new LPCxpresso project\nxp_xpresso_1769_usblib_device\Debug\libnxp_xpresso_1769_usblib_device.a(DeviceStandardReq.o)
 .text.USB_Device_ClearSetFeature
                0x000034e0      0x154 C:\Users\nix\Desktop\new LPCxpresso project\nxp_xpresso_1769_usblib_device\Debug\libnxp_xpresso_1769_usblib_device.a(DeviceStandardReq.o)
 .text.Endpoint_ClearStatusStage
                0x00003634      0x174 C:\Users\nix\Desktop\new LPCxpresso project\nxp_xpresso_1769_usblib_device\Debug\libnxp_xpresso_1769_usblib_device.a(Endpoint.o)
                0x00003634                Endpoint_ClearStatusStage
 .text.Endpoint_Write_Stream_LE
                0x000037a8      0x18c C:\Users\nix\Desktop\new LPCxpresso project\nxp_xpresso_1769_usblib_device\Debug\libnxp_xpresso_1769_usblib_device.a(EndpointStream.o)
                0x000037a8                Endpoint_Write_Stream_LE
 .text.Endpoint_Write_Control_Stream_LE
                0x00003934       0xf8 C:\Users\nix\Desktop\new LPCxpresso project\nxp_xpresso_1769_usblib_device\Debug\libnxp_xpresso_1769_usblib_device.a(EndpointStream.o)
                0x00003934                Endpoint_Write_Control_Stream_LE
 .text.memcpy   0x00003a2c        0x4 c:/nxp/lpcxpresso_7.2.0_153/lpcxpresso/tools/bin/../lib/gcc/arm-none-eabi/4.8.3/../../../../arm-none-eabi/lib/armv7-m\libcr_c.a(memcpy.o)
                0x00003a2c                memcpy
 .text.memset   0x00003a30        0x4 c:/nxp/lpcxpresso_7.2.0_153/lpcxpresso/tools/bin/../lib/gcc/arm-none-eabi/4.8.3/../../../../arm-none-eabi/lib/armv7-m\libcr_c.a(memset.o)
                0x00003a30                memset
 .text.__weak_main
                0x00003a34        0x4 c:/nxp/lpcxpresso_7.2.0_153/lpcxpresso/tools/bin/../lib/gcc/arm-none-eabi/4.8.3/../../../../arm-none-eabi/lib/armv7-m\libcr_c.a(__weak__main.o)
                0x00003a34                __weak_main
                0x00003a34                __main
 .text.__aeabi_division_uldivmod
                0x00003a38      0x188 c:/nxp/lpcxpresso_7.2.0_153/lpcxpresso/tools/bin/../lib/gcc/arm-none-eabi/4.8.3/armv7-m\libcr_eabihelpers.a(division_64.o)
                0x00003a38                __aeabi_uldivmod
                0x00003a3c                __bhs_ldivmod1
 .text.__aeabi_division_idiv0
                0x00003bc0        0x2 c:/nxp/lpcxpresso_7.2.0_153/lpcxpresso/tools/bin/../lib/gcc/arm-none-eabi/4.8.3/armv7-m\libcr_eabihelpers.a(division_idiv0.o)
                0x00003bc0                __aeabi_idiv0
 .text.__aeabi_memcpy
                0x00003bc2       0x2a c:/nxp/lpcxpresso_7.2.0_153/lpcxpresso/tools/bin/../lib/gcc/arm-none-eabi/4.8.3/armv7-m\libcr_eabihelpers.a(memcpy.o)
                0x00003bc2                __aeabi_memcpy4
                0x00003bc2                __aeabi_memcpy8
                0x00003bc2                __aeabi_memcpy
 .text.__aeabi_memset_lowlevel
                0x00003bec       0x2c c:/nxp/lpcxpresso_7.2.0_153/lpcxpresso/tools/bin/../lib/gcc/arm-none-eabi/4.8.3/armv7-m\libcr_eabihelpers.a(memcpy.o)
                0x00003bec                __aeabi_lowlevel_memset
 *(.rodata .rodata.* .constdata .constdata.*)
 .rodata.pinmuxing
                0x00003c18       0x44 ..\..\nxp_xpresso_1769_board_lib\Debug\libnxp_xpresso_1769_board_lib.a(sysinit_nxp_xpresso_1769.o)
                0x00003c5c                . = ALIGN (0x4)

.glue_7         0x00003c5c        0x0
 .glue_7        0x00000000        0x0 linker stubs

.glue_7t        0x00003c5c        0x0
 .glue_7t       0x00000000        0x0 linker stubs

.vfp11_veneer   0x00003c5c        0x0
 .vfp11_veneer  0x00000000        0x0 linker stubs

.v4_bx          0x00003c5c        0x0
 .v4_bx         0x00000000        0x0 linker stubs

.iplt           0x00003c5c        0x0
 .iplt          0x00000000        0x0 ./Descriptors.o

.rel.dyn        0x00003c5c        0x0
 .rel.iplt      0x00000000        0x0 ./Descriptors.o

.ARM.extab
 *(.ARM.extab* .gnu.linkonce.armextab.*)
                0x00003c5c                __exidx_start = .

.ARM.exidx
 *(.ARM.exidx* .gnu.linkonce.armexidx.*)
                0x00003c5c                __exidx_end = .
                0x00003c5c                _etext = .

.data_RAM2      0x2007c000        0x0 load address 0x00003c5c
 FILL mask 0xff
 *(.ramfunc.$RAM2)
 *(.ramfunc.$RamAHB32)
 *(.data.$RAM2*)
 *(.data.$RamAHB32*)
                0x2007c000                . = ALIGN (0x4)

.uninit_RESERVED
                0x10000000        0x0
 *(.bss.$RESERVED*)
                0x10000000                . = ALIGN (0x4)
                0x10000000                _end_uninit_RESERVED = .

.data           0x10000000       0xb0 load address 0x00003c5c
 FILL mask 0xff
                0x10000000                _data = .
 *(vtable)
 *(.ramfunc*)
 *(.data*)
 .data.DeviceDescriptor
                0x10000000       0x14 ./Descriptors.o
                0x10000000                DeviceDescriptor
 .data.ConfigurationDescriptor
                0x10000014       0x40 ./Descriptors.o
                0x10000014                ConfigurationDescriptor
 .data.LanguageString
                0x10000054        0x4 ./Descriptors.o
                0x10000054                LanguageString
 .data.LanguageStringPtr
                0x10000058        0x4 ./Descriptors.o
                0x10000058                LanguageStringPtr
 .data.ManufacturerString
                0x1000005c        0x8 ./Descriptors.o
                0x1000005c                ManufacturerString
 .data.ManufacturerStringPtr
                0x10000064        0x4 ./Descriptors.o
                0x10000064                ManufacturerStringPtr
 .data.ProductString
                0x10000068       0x28 ./Descriptors.o
                0x10000068                ProductString
 .data.ProductStringPtr
                0x10000090        0x4 ./Descriptors.o
                0x10000090                ProductStringPtr
 .data.VirtualSerial_CDC_Interface
                0x10000094       0x1c ./VirtualSerial.o
                0x10000094                VirtualSerial_CDC_Interface
                0x100000b0                . = ALIGN (0x4)
                0x100000b0                _edata = .

.igot.plt       0x100000b0        0x0 load address 0x00003d0c
 .igot.plt      0x00000000        0x0 ./Descriptors.o

.bss_RAM2       0x2007c000      0xa80
 *(.bss.$RAM2*)
 .bss.$RAM2     0x2007c000        0x8 C:\Users\nix\Desktop\new LPCxpresso project\nxp_xpresso_1769_usblib_device\Debug\libnxp_xpresso_1769_usblib_device.a(USBTask.o)
                0x2007c000                USB_ControlRequest
 *fill*         0x2007c008       0x78 
 .bss.$RAM2     0x2007c080      0x400 C:\Users\nix\Desktop\new LPCxpresso project\nxp_xpresso_1769_usblib_device\Debug\libnxp_xpresso_1769_usblib_device.a(Endpoint_LPC17xx.o)
                0x2007c080                UDCA
                0x2007c100                dmaDescriptor
                0x2007c1f8                iso_buffer
                0x2007c3f8                BufferAddressIso
 .bss.$RAM2     0x2007c480      0x600 C:\Users\nix\Desktop\new LPCxpresso project\nxp_xpresso_1769_usblib_device\Debug\libnxp_xpresso_1769_usblib_device.a(Endpoint.o)
                0x2007c480                usb_data_buffer
                0x2007c680                usb_data_buffer_OUT
                0x2007c880                usb_data_buffer_IN
 *(.bss.$RamAHB32*)
                0x2007ca80                . = ALIGN (0x4)

.bss            0x100000b0       0x58
                0x100000b0                _bss = .
 *(.bss*)
 .bss.SETUP_HANDLED
                0x100000b0        0x4 C:\Users\nix\Desktop\new LPCxpresso project\nxp_xpresso_1769_usblib_device\Debug\libnxp_xpresso_1769_usblib_device.a(DeviceStandardReq.o)
                0x100000b0                SETUP_HANDLED
 *(COMMON)
 COMMON         0x100000b4        0x4 ..\..\nxp_xpresso_1769_board_lib\Debug\libnxp_xpresso_1769_board_lib.a(board_nxp_xpresso_1769.o)
                0x100000b4                SystemCoreClock
 COMMON         0x100000b8        0x1 C:\Users\nix\Desktop\new LPCxpresso project\nxp_xpresso_1769_usblib_device\Debug\libnxp_xpresso_1769_usblib_device.a(USBController.o)
                0x100000b8                USB_CurrentMode
 *fill*         0x100000b9        0x3 
 COMMON         0x100000bc        0x5 C:\Users\nix\Desktop\new LPCxpresso project\nxp_xpresso_1769_usblib_device\Debug\libnxp_xpresso_1769_usblib_device.a(USBTask.o)
                0x100000bc                USB_IsInitialized
                0x100000c0                USB_DeviceState
 *fill*         0x100000c1        0x3 
 COMMON         0x100000c4       0x18 C:\Users\nix\Desktop\new LPCxpresso project\nxp_xpresso_1769_usblib_device\Debug\libnxp_xpresso_1769_usblib_device.a(Endpoint_LPC17xx.o)
                0x100000c4                DataInRemainOffset
                0x100000c8                ISO_Address
                0x100000cc                SETUPReceived
                0x100000cd                isInReady
                0x100000ce                isOutReceived
                0x100000cf                shortpacket
                0x100000d0                SizeAudioTransfer
                0x100000d4                IsConfigured
                0x100000d8                DataInRemainCount
 COMMON         0x100000dc        0x3 C:\Users\nix\Desktop\new LPCxpresso project\nxp_xpresso_1769_usblib_device\Debug\libnxp_xpresso_1769_usblib_device.a(DeviceStandardReq.o)
                0x100000dc                USB_Device_ConfigurationNumber
                0x100000dd                USB_Device_CurrentlySelfPowered
                0x100000de                USB_Device_RemoteWakeupEnabled
 *fill*         0x100000df        0x1 
 COMMON         0x100000e0       0x26 C:\Users\nix\Desktop\new LPCxpresso project\nxp_xpresso_1769_usblib_device\Debug\libnxp_xpresso_1769_usblib_device.a(Endpoint.o)
                0x100000e0                usb_data_buffer_OUT_size
                0x100000e4                endpointselected
                0x100000e8                usb_data_buffer_index
                0x100000ec                usb_data_buffer_IN_index
                0x100000f0                usb_data_buffer_size
                0x100000f4                usb_data_buffer_OUT_index
                0x100000f8                endpointhandle0
                0x10000100                endpointhandle1
                0x10000108                . = ALIGN (0x4)
 *fill*         0x10000106        0x2 
                0x10000108                _ebss = .
                0x10000108                PROVIDE (end, .)

.noinit_RAM2    0x2007ca80        0x0
 *(.noinit.$RAM2*)
 *(.noinit.$RamAHB32*)
                0x2007ca80                . = ALIGN (0x4)

.noinit         0x10000108        0x0
                0x10000108                _noinit = .
 *(.noinit*)
                0x10000108                . = ALIGN (0x4)
                0x10000108                _end_noinit = .
                0x10000108                PROVIDE (_pvHeapStart, .)
                0x10008000                PROVIDE (_vStackTop, (__top_RamLoc32 - 0x0))
OUTPUT(lpc17xx_nxp_xpresso_1769_lpcusblib_VirtualSerialDevice.axf elf32-littlearm)

.debug_info     0x00000000     0xd169
 .debug_info    0x00000000      0x986 ./Descriptors.o
 .debug_info    0x00000986      0x5bf ./VirtualSerial.o
 .debug_info    0x00000f45      0x24e ./cr_startup_lpc17xx40xx.o
 .debug_info    0x00001193     0x214d ..\..\nxp_xpresso_1769_board_lib\Debug\libnxp_xpresso_1769_board_lib.a(board_nxp_xpresso_1769.o)
 .debug_info    0x000032e0      0x812 ..\..\nxp_xpresso_1769_board_lib\Debug\libnxp_xpresso_1769_board_lib.a(sysinit_nxp_xpresso_1769.o)
 .debug_info    0x00003af2      0xb08 ..\..\nxp_xpresso_1769_board_lib\Debug\libnxp_xpresso_1769_board_lib.a(usart_001.o)
 .debug_info    0x000045fa      0xc2e ..\..\nxp_xpresso_1769_board_lib\Debug\libnxp_xpresso_1769_board_lib.a(clock_17xx_40xx.o)
 .debug_info    0x00005228      0x1dd ..\..\nxp_xpresso_1769_board_lib\Debug\libnxp_xpresso_1769_board_lib.a(iocon_17xx_40xx.o)
 .debug_info    0x00005405     0x1371 ..\..\nxp_xpresso_1769_board_lib\Debug\libnxp_xpresso_1769_board_lib.a(uart_17xx_40xx.o)
 .debug_info    0x00006776      0x4cb C:\Users\nix\Desktop\new LPCxpresso project\nxp_xpresso_1769_usblib_device\Debug\libnxp_xpresso_1769_usblib_device.a(USBController.o)
 .debug_info    0x00006c41      0x559 C:\Users\nix\Desktop\new LPCxpresso project\nxp_xpresso_1769_usblib_device\Debug\libnxp_xpresso_1769_usblib_device.a(USBTask.o)
 .debug_info    0x0000719a     0x174d C:\Users\nix\Desktop\new LPCxpresso project\nxp_xpresso_1769_usblib_device\Debug\libnxp_xpresso_1769_usblib_device.a(CDCClassDevice.o)
 .debug_info    0x000088e7      0xe4b C:\Users\nix\Desktop\new LPCxpresso project\nxp_xpresso_1769_usblib_device\Debug\libnxp_xpresso_1769_usblib_device.a(HAL_LPC17xx.o)
 .debug_info    0x00009732     0x1042 C:\Users\nix\Desktop\new LPCxpresso project\nxp_xpresso_1769_usblib_device\Debug\libnxp_xpresso_1769_usblib_device.a(Endpoint_LPC17xx.o)
 .debug_info    0x0000a774     0x106e C:\Users\nix\Desktop\new LPCxpresso project\nxp_xpresso_1769_usblib_device\Debug\libnxp_xpresso_1769_usblib_device.a(DeviceStandardReq.o)
 .debug_info    0x0000b7e2      0xb22 C:\Users\nix\Desktop\new LPCxpresso project\nxp_xpresso_1769_usblib_device\Debug\libnxp_xpresso_1769_usblib_device.a(Endpoint.o)
 .debug_info    0x0000c304      0xe65 C:\Users\nix\Desktop\new LPCxpresso project\nxp_xpresso_1769_usblib_device\Debug\libnxp_xpresso_1769_usblib_device.a(EndpointStream.o)

.debug_abbrev   0x00000000     0x2857
 .debug_abbrev  0x00000000      0x178 ./Descriptors.o
 .debug_abbrev  0x00000178      0x1fc ./VirtualSerial.o
 .debug_abbrev  0x00000374       0xf5 ./cr_startup_lpc17xx40xx.o
 .debug_abbrev  0x00000469      0x3f7 ..\..\nxp_xpresso_1769_board_lib\Debug\libnxp_xpresso_1769_board_lib.a(board_nxp_xpresso_1769.o)
 .debug_abbrev  0x00000860      0x273 ..\..\nxp_xpresso_1769_board_lib\Debug\libnxp_xpresso_1769_board_lib.a(sysinit_nxp_xpresso_1769.o)
 .debug_abbrev  0x00000ad3      0x259 ..\..\nxp_xpresso_1769_board_lib\Debug\libnxp_xpresso_1769_board_lib.a(usart_001.o)
 .debug_abbrev  0x00000d2c      0x300 ..\..\nxp_xpresso_1769_board_lib\Debug\libnxp_xpresso_1769_board_lib.a(clock_17xx_40xx.o)
 .debug_abbrev  0x0000102c       0xee ..\..\nxp_xpresso_1769_board_lib\Debug\libnxp_xpresso_1769_board_lib.a(iocon_17xx_40xx.o)
 .debug_abbrev  0x0000111a      0x390 ..\..\nxp_xpresso_1769_board_lib\Debug\libnxp_xpresso_1769_board_lib.a(uart_17xx_40xx.o)
 .debug_abbrev  0x000014aa      0x143 C:\Users\nix\Desktop\new LPCxpresso project\nxp_xpresso_1769_usblib_device\Debug\libnxp_xpresso_1769_usblib_device.a(USBController.o)
 .debug_abbrev  0x000015ed      0x1d4 C:\Users\nix\Desktop\new LPCxpresso project\nxp_xpresso_1769_usblib_device\Debug\libnxp_xpresso_1769_usblib_device.a(USBTask.o)
 .debug_abbrev  0x000017c1      0x32c C:\Users\nix\Desktop\new LPCxpresso project\nxp_xpresso_1769_usblib_device\Debug\libnxp_xpresso_1769_usblib_device.a(CDCClassDevice.o)
 .debug_abbrev  0x00001aed      0x21e C:\Users\nix\Desktop\new LPCxpresso project\nxp_xpresso_1769_usblib_device\Debug\libnxp_xpresso_1769_usblib_device.a(HAL_LPC17xx.o)
 .debug_abbrev  0x00001d0b      0x366 C:\Users\nix\Desktop\new LPCxpresso project\nxp_xpresso_1769_usblib_device\Debug\libnxp_xpresso_1769_usblib_device.a(Endpoint_LPC17xx.o)
 .debug_abbrev  0x00002071      0x2ee C:\Users\nix\Desktop\new LPCxpresso project\nxp_xpresso_1769_usblib_device\Debug\libnxp_xpresso_1769_usblib_device.a(DeviceStandardReq.o)
 .debug_abbrev  0x0000235f      0x29a C:\Users\nix\Desktop\new LPCxpresso project\nxp_xpresso_1769_usblib_device\Debug\libnxp_xpresso_1769_usblib_device.a(Endpoint.o)
 .debug_abbrev  0x000025f9      0x25e C:\Users\nix\Desktop\new LPCxpresso project\nxp_xpresso_1769_usblib_device\Debug\libnxp_xpresso_1769_usblib_device.a(EndpointStream.o)

.debug_aranges  0x00000000      0x708
 .debug_aranges
                0x00000000       0x20 ./Descriptors.o
 .debug_aranges
                0x00000020       0x58 ./VirtualSerial.o
 .debug_aranges
                0x00000078       0x80 ./cr_startup_lpc17xx40xx.o
 .debug_aranges
                0x000000f8      0x100 ..\..\nxp_xpresso_1769_board_lib\Debug\libnxp_xpresso_1769_board_lib.a(board_nxp_xpresso_1769.o)
 .debug_aranges
                0x000001f8       0x30 ..\..\nxp_xpresso_1769_board_lib\Debug\libnxp_xpresso_1769_board_lib.a(sysinit_nxp_xpresso_1769.o)
 .debug_aranges
                0x00000228       0xa8 ..\..\nxp_xpresso_1769_board_lib\Debug\libnxp_xpresso_1769_board_lib.a(usart_001.o)
 .debug_aranges
                0x000002d0       0xc8 ..\..\nxp_xpresso_1769_board_lib\Debug\libnxp_xpresso_1769_board_lib.a(clock_17xx_40xx.o)
 .debug_aranges
                0x00000398       0x20 ..\..\nxp_xpresso_1769_board_lib\Debug\libnxp_xpresso_1769_board_lib.a(iocon_17xx_40xx.o)
 .debug_aranges
                0x000003b8       0x80 ..\..\nxp_xpresso_1769_board_lib\Debug\libnxp_xpresso_1769_board_lib.a(uart_17xx_40xx.o)
 .debug_aranges
                0x00000438       0x38 C:\Users\nix\Desktop\new LPCxpresso project\nxp_xpresso_1769_usblib_device\Debug\libnxp_xpresso_1769_usblib_device.a(USBController.o)
 .debug_aranges
                0x00000470       0x28 C:\Users\nix\Desktop\new LPCxpresso project\nxp_xpresso_1769_usblib_device\Debug\libnxp_xpresso_1769_usblib_device.a(USBTask.o)
 .debug_aranges
                0x00000498       0x78 C:\Users\nix\Desktop\new LPCxpresso project\nxp_xpresso_1769_usblib_device\Debug\libnxp_xpresso_1769_usblib_device.a(CDCClassDevice.o)
 .debug_aranges
                0x00000510       0x60 C:\Users\nix\Desktop\new LPCxpresso project\nxp_xpresso_1769_usblib_device\Debug\libnxp_xpresso_1769_usblib_device.a(HAL_LPC17xx.o)
 .debug_aranges
                0x00000570       0xa8 C:\Users\nix\Desktop\new LPCxpresso project\nxp_xpresso_1769_usblib_device\Debug\libnxp_xpresso_1769_usblib_device.a(Endpoint_LPC17xx.o)
 .debug_aranges
                0x00000618       0x50 C:\Users\nix\Desktop\new LPCxpresso project\nxp_xpresso_1769_usblib_device\Debug\libnxp_xpresso_1769_usblib_device.a(DeviceStandardReq.o)
 .debug_aranges
                0x00000668       0x38 C:\Users\nix\Desktop\new LPCxpresso project\nxp_xpresso_1769_usblib_device\Debug\libnxp_xpresso_1769_usblib_device.a(Endpoint.o)
 .debug_aranges
                0x000006a0       0x68 C:\Users\nix\Desktop\new LPCxpresso project\nxp_xpresso_1769_usblib_device\Debug\libnxp_xpresso_1769_usblib_device.a(EndpointStream.o)

.debug_ranges   0x00000000      0x6b8
 .debug_ranges  0x00000000       0x10 ./Descriptors.o
 .debug_ranges  0x00000010       0x48 ./VirtualSerial.o
 .debug_ranges  0x00000058       0x70 ./cr_startup_lpc17xx40xx.o
 .debug_ranges  0x000000c8      0x108 ..\..\nxp_xpresso_1769_board_lib\Debug\libnxp_xpresso_1769_board_lib.a(board_nxp_xpresso_1769.o)
 .debug_ranges  0x000001d0       0x20 ..\..\nxp_xpresso_1769_board_lib\Debug\libnxp_xpresso_1769_board_lib.a(sysinit_nxp_xpresso_1769.o)
 .debug_ranges  0x000001f0       0x98 ..\..\nxp_xpresso_1769_board_lib\Debug\libnxp_xpresso_1769_board_lib.a(usart_001.o)
 .debug_ranges  0x00000288       0xb8 ..\..\nxp_xpresso_1769_board_lib\Debug\libnxp_xpresso_1769_board_lib.a(clock_17xx_40xx.o)
 .debug_ranges  0x00000340       0x10 ..\..\nxp_xpresso_1769_board_lib\Debug\libnxp_xpresso_1769_board_lib.a(iocon_17xx_40xx.o)
 .debug_ranges  0x00000350       0xb8 ..\..\nxp_xpresso_1769_board_lib\Debug\libnxp_xpresso_1769_board_lib.a(uart_17xx_40xx.o)
 .debug_ranges  0x00000408       0x28 C:\Users\nix\Desktop\new LPCxpresso project\nxp_xpresso_1769_usblib_device\Debug\libnxp_xpresso_1769_usblib_device.a(USBController.o)
 .debug_ranges  0x00000430       0x18 C:\Users\nix\Desktop\new LPCxpresso project\nxp_xpresso_1769_usblib_device\Debug\libnxp_xpresso_1769_usblib_device.a(USBTask.o)
 .debug_ranges  0x00000448       0x80 C:\Users\nix\Desktop\new LPCxpresso project\nxp_xpresso_1769_usblib_device\Debug\libnxp_xpresso_1769_usblib_device.a(CDCClassDevice.o)
 .debug_ranges  0x000004c8       0x50 C:\Users\nix\Desktop\new LPCxpresso project\nxp_xpresso_1769_usblib_device\Debug\libnxp_xpresso_1769_usblib_device.a(HAL_LPC17xx.o)
 .debug_ranges  0x00000518       0xb0 C:\Users\nix\Desktop\new LPCxpresso project\nxp_xpresso_1769_usblib_device\Debug\libnxp_xpresso_1769_usblib_device.a(Endpoint_LPC17xx.o)
 .debug_ranges  0x000005c8       0x58 C:\Users\nix\Desktop\new LPCxpresso project\nxp_xpresso_1769_usblib_device\Debug\libnxp_xpresso_1769_usblib_device.a(DeviceStandardReq.o)
 .debug_ranges  0x00000620       0x40 C:\Users\nix\Desktop\new LPCxpresso project\nxp_xpresso_1769_usblib_device\Debug\libnxp_xpresso_1769_usblib_device.a(Endpoint.o)
 .debug_ranges  0x00000660       0x58 C:\Users\nix\Desktop\new LPCxpresso project\nxp_xpresso_1769_usblib_device\Debug\libnxp_xpresso_1769_usblib_device.a(EndpointStream.o)

.debug_macro    0x00000000     0x9672
 .debug_macro   0x00000000      0x4f6 ./Descriptors.o
 .debug_macro   0x000004f6      0x862 ./Descriptors.o
 .debug_macro   0x00000d58       0x12 ./Descriptors.o
 .debug_macro   0x00000d6a       0x10 ./Descriptors.o
 .debug_macro   0x00000d7a       0x10 ./Descriptors.o
 .debug_macro   0x00000d8a      0x122 ./Descriptors.o
 .debug_macro   0x00000eac      0x5b9 ./Descriptors.o
 .debug_macro   0x00001465       0x22 ./Descriptors.o
 .debug_macro   0x00001487       0x10 ./Descriptors.o
 .debug_macro   0x00001497       0x28 ./Descriptors.o
 .debug_macro   0x000014bf       0x1c ./Descriptors.o
 .debug_macro   0x000014db       0xc7 ./Descriptors.o
 .debug_macro   0x000015a2       0x22 ./Descriptors.o
 .debug_macro   0x000015c4       0x86 ./Descriptors.o
 .debug_macro   0x0000164a       0x2b ./Descriptors.o
 .debug_macro   0x00001675       0x30 ./Descriptors.o
 .debug_macro   0x000016a5       0x3a ./Descriptors.o
 .debug_macro   0x000016df       0x8d ./Descriptors.o
 .debug_macro   0x0000176c       0x16 ./Descriptors.o
 .debug_macro   0x00001782       0x82 ./Descriptors.o
 .debug_macro   0x00001804       0x2e ./Descriptors.o
 .debug_macro   0x00001832       0x6c ./Descriptors.o
 .debug_macro   0x0000189e       0x26 ./Descriptors.o
 .debug_macro   0x000018c4       0x3a ./Descriptors.o
 .debug_macro   0x000018fe       0x18 ./Descriptors.o
 .debug_macro   0x00001916      0xbb1 ./Descriptors.o
 .debug_macro   0x000024c7       0x76 ./Descriptors.o
 .debug_macro   0x0000253d      0x477 ./Descriptors.o
 .debug_macro   0x000029b4       0x34 ./Descriptors.o
 .debug_macro   0x000029e8      0x4c5 ./Descriptors.o
 .debug_macro   0x00002ead       0xa6 ./Descriptors.o
 .debug_macro   0x00002f53       0x10 ./Descriptors.o
 .debug_macro   0x00002f63      0x21d ./Descriptors.o
 .debug_macro   0x00003180      0x1b8 ./Descriptors.o
 .debug_macro   0x00003338      0x162 ./Descriptors.o
 .debug_macro   0x0000349a       0x90 ./Descriptors.o
 .debug_macro   0x0000352a       0x94 ./Descriptors.o
 .debug_macro   0x000035be       0x4c ./Descriptors.o
 .debug_macro   0x0000360a      0x37f ./Descriptors.o
 .debug_macro   0x00003989       0x40 ./Descriptors.o
 .debug_macro   0x000039c9       0x22 ./Descriptors.o
 .debug_macro   0x000039eb      0x212 ./Descriptors.o
 .debug_macro   0x00003bfd       0xfd ./Descriptors.o
 .debug_macro   0x00003cfa       0x16 ./Descriptors.o
 .debug_macro   0x00003d10       0x22 ./Descriptors.o
 .debug_macro   0x00003d32       0x32 ./Descriptors.o
 .debug_macro   0x00003d64       0x10 ./Descriptors.o
 .debug_macro   0x00003d74       0x78 ./Descriptors.o
 .debug_macro   0x00003dec       0x42 ./Descriptors.o
 .debug_macro   0x00003e2e       0x52 ./Descriptors.o
 .debug_macro   0x00003e80       0x1c ./Descriptors.o
 .debug_macro   0x00003e9c       0x1c ./Descriptors.o
 .debug_macro   0x00003eb8      0x208 ./Descriptors.o
 .debug_macro   0x000040c0       0x10 ./Descriptors.o
 .debug_macro   0x000040d0       0x23 ./Descriptors.o
 .debug_macro   0x000040f3       0x2c ./Descriptors.o
 .debug_macro   0x0000411f       0x1c ./Descriptors.o
 .debug_macro   0x0000413b       0x63 ./Descriptors.o
 .debug_macro   0x0000419e       0x27 ./Descriptors.o
 .debug_macro   0x000041c5       0x10 ./Descriptors.o
 .debug_macro   0x000041d5       0x1c ./Descriptors.o
 .debug_macro   0x000041f1       0x16 ./Descriptors.o
 .debug_macro   0x00004207      0x12a ./Descriptors.o
 .debug_macro   0x00004331       0x16 ./Descriptors.o
 .debug_macro   0x00004347       0x46 ./Descriptors.o
 .debug_macro   0x0000438d       0x9a ./Descriptors.o
 .debug_macro   0x00004427       0x16 ./Descriptors.o
 .debug_macro   0x0000443d      0x154 ./Descriptors.o
 .debug_macro   0x00004591       0x29 ./Descriptors.o
 .debug_macro   0x000045ba      0x640 ./Descriptors.o
 .debug_macro   0x00004bfa       0x16 ./Descriptors.o
 .debug_macro   0x00004c10      0x129 ./Descriptors.o
 .debug_macro   0x00004d39       0x16 ./Descriptors.o
 .debug_macro   0x00004d4f       0x10 ./Descriptors.o
 .debug_macro   0x00004d5f       0x1c ./Descriptors.o
 .debug_macro   0x00004d7b       0x16 ./Descriptors.o
 .debug_macro   0x00004d91       0x16 ./Descriptors.o
 .debug_macro   0x00004da7       0x10 ./Descriptors.o
 .debug_macro   0x00004db7      0x1bd ./Descriptors.o
 .debug_macro   0x00004f74       0x16 ./Descriptors.o
 .debug_macro   0x00004f8a       0x22 ./Descriptors.o
 .debug_macro   0x00004fac      0x545 ./VirtualSerial.o
 .debug_macro   0x000054f1       0x7b ./VirtualSerial.o
 .debug_macro   0x0000556c       0x20 ./VirtualSerial.o
 .debug_macro   0x0000558c       0x28 ./VirtualSerial.o
 .debug_macro   0x000055b4       0x5e ./VirtualSerial.o
 .debug_macro   0x00005612       0x1e ./VirtualSerial.o
 .debug_macro   0x00005630       0x10 ./VirtualSerial.o
 .debug_macro   0x00005640       0x28 ./VirtualSerial.o
 .debug_macro   0x00005668       0x2e ./VirtualSerial.o
 .debug_macro   0x00005696       0x26 ./cr_startup_lpc17xx40xx.o
 .debug_macro   0x000056bc      0x2e3 ..\..\nxp_xpresso_1769_board_lib\Debug\libnxp_xpresso_1769_board_lib.a(board_nxp_xpresso_1769.o)
 .debug_macro   0x0000599f      0x856 ..\..\nxp_xpresso_1769_board_lib\Debug\libnxp_xpresso_1769_board_lib.a(board_nxp_xpresso_1769.o)
 .debug_macro   0x000061f5       0xbe ..\..\nxp_xpresso_1769_board_lib\Debug\libnxp_xpresso_1769_board_lib.a(board_nxp_xpresso_1769.o)
 .debug_macro   0x000062b3       0x12 ..\..\nxp_xpresso_1769_board_lib\Debug\libnxp_xpresso_1769_board_lib.a(board_nxp_xpresso_1769.o)
 .debug_macro   0x000062c5      0x279 ..\..\nxp_xpresso_1769_board_lib\Debug\libnxp_xpresso_1769_board_lib.a(sysinit_nxp_xpresso_1769.o)
 .debug_macro   0x0000653e       0x9d ..\..\nxp_xpresso_1769_board_lib\Debug\libnxp_xpresso_1769_board_lib.a(usart_001.o)
 .debug_macro   0x000065db      0x379 ..\..\nxp_xpresso_1769_board_lib\Debug\libnxp_xpresso_1769_board_lib.a(usart_001.o)
 .debug_macro   0x00006954      0x21d ..\..\nxp_xpresso_1769_board_lib\Debug\libnxp_xpresso_1769_board_lib.a(clock_17xx_40xx.o)
 .debug_macro   0x00006b71      0x21d ..\..\nxp_xpresso_1769_board_lib\Debug\libnxp_xpresso_1769_board_lib.a(iocon_17xx_40xx.o)
 .debug_macro   0x00006d8e      0x21d ..\..\nxp_xpresso_1769_board_lib\Debug\libnxp_xpresso_1769_board_lib.a(uart_17xx_40xx.o)
 .debug_macro   0x00006fab      0x385 C:\Users\nix\Desktop\new LPCxpresso project\nxp_xpresso_1769_usblib_device\Debug\libnxp_xpresso_1769_usblib_device.a(USBController.o)
 .debug_macro   0x00007330      0x86e C:\Users\nix\Desktop\new LPCxpresso project\nxp_xpresso_1769_usblib_device\Debug\libnxp_xpresso_1769_usblib_device.a(USBController.o)
 .debug_macro   0x00007b9e       0x34 C:\Users\nix\Desktop\new LPCxpresso project\nxp_xpresso_1769_usblib_device\Debug\libnxp_xpresso_1769_usblib_device.a(USBController.o)
 .debug_macro   0x00007bd2      0x37f C:\Users\nix\Desktop\new LPCxpresso project\nxp_xpresso_1769_usblib_device\Debug\libnxp_xpresso_1769_usblib_device.a(USBTask.o)
 .debug_macro   0x00007f51      0x501 C:\Users\nix\Desktop\new LPCxpresso project\nxp_xpresso_1769_usblib_device\Debug\libnxp_xpresso_1769_usblib_device.a(CDCClassDevice.o)
 .debug_macro   0x00008452      0x377 C:\Users\nix\Desktop\new LPCxpresso project\nxp_xpresso_1769_usblib_device\Debug\libnxp_xpresso_1769_usblib_device.a(HAL_LPC17xx.o)
 .debug_macro   0x000087c9      0x38d C:\Users\nix\Desktop\new LPCxpresso project\nxp_xpresso_1769_usblib_device\Debug\libnxp_xpresso_1769_usblib_device.a(Endpoint_LPC17xx.o)
 .debug_macro   0x00008b56       0x10 C:\Users\nix\Desktop\new LPCxpresso project\nxp_xpresso_1769_usblib_device\Debug\libnxp_xpresso_1769_usblib_device.a(Endpoint_LPC17xx.o)
 .debug_macro   0x00008b66      0x385 C:\Users\nix\Desktop\new LPCxpresso project\nxp_xpresso_1769_usblib_device\Debug\libnxp_xpresso_1769_usblib_device.a(DeviceStandardReq.o)
 .debug_macro   0x00008eeb       0x87 C:\Users\nix\Desktop\new LPCxpresso project\nxp_xpresso_1769_usblib_device\Debug\libnxp_xpresso_1769_usblib_device.a(DeviceStandardReq.o)
 .debug_macro   0x00008f72      0x383 C:\Users\nix\Desktop\new LPCxpresso project\nxp_xpresso_1769_usblib_device\Debug\libnxp_xpresso_1769_usblib_device.a(Endpoint.o)
 .debug_macro   0x000092f5      0x37d C:\Users\nix\Desktop\new LPCxpresso project\nxp_xpresso_1769_usblib_device\Debug\libnxp_xpresso_1769_usblib_device.a(EndpointStream.o)

.debug_line     0x00000000     0xa62c
 .debug_line    0x00000000      0xf34 ./Descriptors.o
 .debug_line    0x00000f34     0x1041 ./VirtualSerial.o
 .debug_line    0x00001f75      0x13b ./cr_startup_lpc17xx40xx.o
 .debug_line    0x000020b0      0x9c3 ..\..\nxp_xpresso_1769_board_lib\Debug\libnxp_xpresso_1769_board_lib.a(board_nxp_xpresso_1769.o)
 .debug_line    0x00002a73      0x643 ..\..\nxp_xpresso_1769_board_lib\Debug\libnxp_xpresso_1769_board_lib.a(sysinit_nxp_xpresso_1769.o)
 .debug_line    0x000030b6      0x483 ..\..\nxp_xpresso_1769_board_lib\Debug\libnxp_xpresso_1769_board_lib.a(usart_001.o)
 .debug_line    0x00003539      0x718 ..\..\nxp_xpresso_1769_board_lib\Debug\libnxp_xpresso_1769_board_lib.a(clock_17xx_40xx.o)
 .debug_line    0x00003c51      0x505 ..\..\nxp_xpresso_1769_board_lib\Debug\libnxp_xpresso_1769_board_lib.a(iocon_17xx_40xx.o)
 .debug_line    0x00004156      0x76b ..\..\nxp_xpresso_1769_board_lib\Debug\libnxp_xpresso_1769_board_lib.a(uart_17xx_40xx.o)
 .debug_line    0x000048c1      0x932 C:\Users\nix\Desktop\new LPCxpresso project\nxp_xpresso_1769_usblib_device\Debug\libnxp_xpresso_1769_usblib_device.a(USBController.o)
 .debug_line    0x000051f3      0x924 C:\Users\nix\Desktop\new LPCxpresso project\nxp_xpresso_1769_usblib_device\Debug\libnxp_xpresso_1769_usblib_device.a(USBTask.o)
 .debug_line    0x00005b17     0x1329 C:\Users\nix\Desktop\new LPCxpresso project\nxp_xpresso_1769_usblib_device\Debug\libnxp_xpresso_1769_usblib_device.a(CDCClassDevice.o)
 .debug_line    0x00006e40      0xa92 C:\Users\nix\Desktop\new LPCxpresso project\nxp_xpresso_1769_usblib_device\Debug\libnxp_xpresso_1769_usblib_device.a(HAL_LPC17xx.o)
 .debug_line    0x000078d2      0xdc3 C:\Users\nix\Desktop\new LPCxpresso project\nxp_xpresso_1769_usblib_device\Debug\libnxp_xpresso_1769_usblib_device.a(Endpoint_LPC17xx.o)
 .debug_line    0x00008695      0xb3e C:\Users\nix\Desktop\new LPCxpresso project\nxp_xpresso_1769_usblib_device\Debug\libnxp_xpresso_1769_usblib_device.a(DeviceStandardReq.o)
 .debug_line    0x000091d3      0x983 C:\Users\nix\Desktop\new LPCxpresso project\nxp_xpresso_1769_usblib_device\Debug\libnxp_xpresso_1769_usblib_device.a(Endpoint.o)
 .debug_line    0x00009b56      0xad6 C:\Users\nix\Desktop\new LPCxpresso project\nxp_xpresso_1769_usblib_device\Debug\libnxp_xpresso_1769_usblib_device.a(EndpointStream.o)

.debug_str      0x00000000    0x1d28a
 .debug_str     0x00000000    0x18d7d ./Descriptors.o
                              0x18ed6 (size before relaxing)
 .debug_str     0x00018d7d      0x6c9 ./VirtualSerial.o
                              0x18c0b (size before relaxing)
 .debug_str     0x00019446      0x1a3 ./cr_startup_lpc17xx40xx.o
                               0x2688 (size before relaxing)
 .debug_str     0x000195e9      0xf5b ..\..\nxp_xpresso_1769_board_lib\Debug\libnxp_xpresso_1769_board_lib.a(board_nxp_xpresso_1769.o)
                              0x11cf3 (size before relaxing)
 .debug_str     0x0001a544      0x405 ..\..\nxp_xpresso_1769_board_lib\Debug\libnxp_xpresso_1769_board_lib.a(sysinit_nxp_xpresso_1769.o)
                              0x112a9 (size before relaxing)
 .debug_str     0x0001a949      0x4ad ..\..\nxp_xpresso_1769_board_lib\Debug\libnxp_xpresso_1769_board_lib.a(usart_001.o)
                               0xa057 (size before relaxing)
 .debug_str     0x0001adf6      0x97b ..\..\nxp_xpresso_1769_board_lib\Debug\libnxp_xpresso_1769_board_lib.a(clock_17xx_40xx.o)
                              0x11444 (size before relaxing)
 .debug_str     0x0001b771       0x2b ..\..\nxp_xpresso_1769_board_lib\Debug\libnxp_xpresso_1769_board_lib.a(iocon_17xx_40xx.o)
                              0x1085b (size before relaxing)
 .debug_str     0x0001b79c      0x209 ..\..\nxp_xpresso_1769_board_lib\Debug\libnxp_xpresso_1769_board_lib.a(uart_17xx_40xx.o)
                              0x1142a (size before relaxing)
 .debug_str     0x0001b9a5      0x308 C:\Users\nix\Desktop\new LPCxpresso project\nxp_xpresso_1769_usblib_device\Debug\libnxp_xpresso_1769_usblib_device.a(USBController.o)
                              0x12df1 (size before relaxing)
 .debug_str     0x0001bcad       0xf4 C:\Users\nix\Desktop\new LPCxpresso project\nxp_xpresso_1769_usblib_device\Debug\libnxp_xpresso_1769_usblib_device.a(USBTask.o)
                              0x12dc0 (size before relaxing)
 .debug_str     0x0001bda1      0x83c C:\Users\nix\Desktop\new LPCxpresso project\nxp_xpresso_1769_usblib_device\Debug\libnxp_xpresso_1769_usblib_device.a(CDCClassDevice.o)
                              0x18f55 (size before relaxing)
 .debug_str     0x0001c5dd      0x31a C:\Users\nix\Desktop\new LPCxpresso project\nxp_xpresso_1769_usblib_device\Debug\libnxp_xpresso_1769_usblib_device.a(HAL_LPC17xx.o)
                              0x13286 (size before relaxing)
 .debug_str     0x0001c8f7      0x2d8 C:\Users\nix\Desktop\new LPCxpresso project\nxp_xpresso_1769_usblib_device\Debug\libnxp_xpresso_1769_usblib_device.a(Endpoint_LPC17xx.o)
                              0x13385 (size before relaxing)
 .debug_str     0x0001cbcf      0x3b9 C:\Users\nix\Desktop\new LPCxpresso project\nxp_xpresso_1769_usblib_device\Debug\libnxp_xpresso_1769_usblib_device.a(DeviceStandardReq.o)
                              0x1350f (size before relaxing)
 .debug_str     0x0001cf88       0xe7 C:\Users\nix\Desktop\new LPCxpresso project\nxp_xpresso_1769_usblib_device\Debug\libnxp_xpresso_1769_usblib_device.a(Endpoint.o)
                              0x13182 (size before relaxing)
 .debug_str     0x0001d06f      0x21b C:\Users\nix\Desktop\new LPCxpresso project\nxp_xpresso_1769_usblib_device\Debug\libnxp_xpresso_1769_usblib_device.a(EndpointStream.o)
                              0x1318d (size before relaxing)

.comment        0x00000000       0x70
 .comment       0x00000000       0x70 ./Descriptors.o
                                 0x71 (size before relaxing)
 .comment       0x00000000       0x71 ./VirtualSerial.o
 .comment       0x00000000       0x71 ./cr_startup_lpc17xx40xx.o
 .comment       0x00000000       0x71 ..\..\nxp_xpresso_1769_board_lib\Debug\libnxp_xpresso_1769_board_lib.a(board_nxp_xpresso_1769.o)
 .comment       0x00000000       0x71 ..\..\nxp_xpresso_1769_board_lib\Debug\libnxp_xpresso_1769_board_lib.a(sysinit_nxp_xpresso_1769.o)
 .comment       0x00000000       0x71 ..\..\nxp_xpresso_1769_board_lib\Debug\libnxp_xpresso_1769_board_lib.a(usart_001.o)
 .comment       0x00000000       0x71 ..\..\nxp_xpresso_1769_board_lib\Debug\libnxp_xpresso_1769_board_lib.a(clock_17xx_40xx.o)
 .comment       0x00000000       0x71 ..\..\nxp_xpresso_1769_board_lib\Debug\libnxp_xpresso_1769_board_lib.a(iocon_17xx_40xx.o)
 .comment       0x00000000       0x71 ..\..\nxp_xpresso_1769_board_lib\Debug\libnxp_xpresso_1769_board_lib.a(uart_17xx_40xx.o)
 .comment       0x00000000       0x71 C:\Users\nix\Desktop\new LPCxpresso project\nxp_xpresso_1769_usblib_device\Debug\libnxp_xpresso_1769_usblib_device.a(USBController.o)
 .comment       0x00000000       0x71 C:\Users\nix\Desktop\new LPCxpresso project\nxp_xpresso_1769_usblib_device\Debug\libnxp_xpresso_1769_usblib_device.a(USBTask.o)
 .comment       0x00000000       0x71 C:\Users\nix\Desktop\new LPCxpresso project\nxp_xpresso_1769_usblib_device\Debug\libnxp_xpresso_1769_usblib_device.a(CDCClassDevice.o)
 .comment       0x00000000       0x71 C:\Users\nix\Desktop\new LPCxpresso project\nxp_xpresso_1769_usblib_device\Debug\libnxp_xpresso_1769_usblib_device.a(HAL_LPC17xx.o)
 .comment       0x00000000       0x71 C:\Users\nix\Desktop\new LPCxpresso project\nxp_xpresso_1769_usblib_device\Debug\libnxp_xpresso_1769_usblib_device.a(Endpoint_LPC17xx.o)
 .comment       0x00000000       0x71 C:\Users\nix\Desktop\new LPCxpresso project\nxp_xpresso_1769_usblib_device\Debug\libnxp_xpresso_1769_usblib_device.a(DeviceStandardReq.o)
 .comment       0x00000000       0x71 C:\Users\nix\Desktop\new LPCxpresso project\nxp_xpresso_1769_usblib_device\Debug\libnxp_xpresso_1769_usblib_device.a(Endpoint.o)
 .comment       0x00000000       0x71 C:\Users\nix\Desktop\new LPCxpresso project\nxp_xpresso_1769_usblib_device\Debug\libnxp_xpresso_1769_usblib_device.a(EndpointStream.o)
 .comment       0x00000000       0x71 c:/nxp/lpcxpresso_7.2.0_153/lpcxpresso/tools/bin/../lib/gcc/arm-none-eabi/4.8.3/../../../../arm-none-eabi/lib/armv7-m\libcr_c.a(memcpy.o)
 .comment       0x00000000       0x71 c:/nxp/lpcxpresso_7.2.0_153/lpcxpresso/tools/bin/../lib/gcc/arm-none-eabi/4.8.3/../../../../arm-none-eabi/lib/armv7-m\libcr_c.a(memset.o)
 .comment       0x00000000       0x71 c:/nxp/lpcxpresso_7.2.0_153/lpcxpresso/tools/bin/../lib/gcc/arm-none-eabi/4.8.3/../../../../arm-none-eabi/lib/armv7-m\libcr_c.a(__weak__main.o)

.ARM.attributes
                0x00000000       0x31
 .ARM.attributes
                0x00000000       0x33 ./Descriptors.o
 .ARM.attributes
                0x00000033       0x33 ./VirtualSerial.o
 .ARM.attributes
                0x00000066       0x33 ./cr_startup_lpc17xx40xx.o
 .ARM.attributes
                0x00000099       0x33 ..\..\nxp_xpresso_1769_board_lib\Debug\libnxp_xpresso_1769_board_lib.a(board_nxp_xpresso_1769.o)
 .ARM.attributes
                0x000000cc       0x33 ..\..\nxp_xpresso_1769_board_lib\Debug\libnxp_xpresso_1769_board_lib.a(sysinit_nxp_xpresso_1769.o)
 .ARM.attributes
                0x000000ff       0x33 ..\..\nxp_xpresso_1769_board_lib\Debug\libnxp_xpresso_1769_board_lib.a(usart_001.o)
 .ARM.attributes
                0x00000132       0x33 ..\..\nxp_xpresso_1769_board_lib\Debug\libnxp_xpresso_1769_board_lib.a(clock_17xx_40xx.o)
 .ARM.attributes
                0x00000165       0x33 ..\..\nxp_xpresso_1769_board_lib\Debug\libnxp_xpresso_1769_board_lib.a(iocon_17xx_40xx.o)
 .ARM.attributes
                0x00000198       0x33 ..\..\nxp_xpresso_1769_board_lib\Debug\libnxp_xpresso_1769_board_lib.a(uart_17xx_40xx.o)
 .ARM.attributes
                0x000001cb       0x33 C:\Users\nix\Desktop\new LPCxpresso project\nxp_xpresso_1769_usblib_device\Debug\libnxp_xpresso_1769_usblib_device.a(USBController.o)
 .ARM.attributes
                0x000001fe       0x33 C:\Users\nix\Desktop\new LPCxpresso project\nxp_xpresso_1769_usblib_device\Debug\libnxp_xpresso_1769_usblib_device.a(USBTask.o)
 .ARM.attributes
                0x00000231       0x33 C:\Users\nix\Desktop\new LPCxpresso project\nxp_xpresso_1769_usblib_device\Debug\libnxp_xpresso_1769_usblib_device.a(CDCClassDevice.o)
 .ARM.attributes
                0x00000264       0x33 C:\Users\nix\Desktop\new LPCxpresso project\nxp_xpresso_1769_usblib_device\Debug\libnxp_xpresso_1769_usblib_device.a(HAL_LPC17xx.o)
 .ARM.attributes
                0x00000297       0x33 C:\Users\nix\Desktop\new LPCxpresso project\nxp_xpresso_1769_usblib_device\Debug\libnxp_xpresso_1769_usblib_device.a(Endpoint_LPC17xx.o)
 .ARM.attributes
                0x000002ca       0x33 C:\Users\nix\Desktop\new LPCxpresso project\nxp_xpresso_1769_usblib_device\Debug\libnxp_xpresso_1769_usblib_device.a(DeviceStandardReq.o)
 .ARM.attributes
                0x000002fd       0x33 C:\Users\nix\Desktop\new LPCxpresso project\nxp_xpresso_1769_usblib_device\Debug\libnxp_xpresso_1769_usblib_device.a(Endpoint.o)
 .ARM.attributes
                0x00000330       0x33 C:\Users\nix\Desktop\new LPCxpresso project\nxp_xpresso_1769_usblib_device\Debug\libnxp_xpresso_1769_usblib_device.a(EndpointStream.o)
 .ARM.attributes
                0x00000363       0x33 c:/nxp/lpcxpresso_7.2.0_153/lpcxpresso/tools/bin/../lib/gcc/arm-none-eabi/4.8.3/../../../../arm-none-eabi/lib/armv7-m\libcr_c.a(memcpy.o)
 .ARM.attributes
                0x00000396       0x33 c:/nxp/lpcxpresso_7.2.0_153/lpcxpresso/tools/bin/../lib/gcc/arm-none-eabi/4.8.3/../../../../arm-none-eabi/lib/armv7-m\libcr_c.a(memset.o)
 .ARM.attributes
                0x000003c9       0x33 c:/nxp/lpcxpresso_7.2.0_153/lpcxpresso/tools/bin/../lib/gcc/arm-none-eabi/4.8.3/../../../../arm-none-eabi/lib/armv7-m\libcr_c.a(__weak__main.o)
 .ARM.attributes
                0x000003fc       0x21 c:/nxp/lpcxpresso_7.2.0_153/lpcxpresso/tools/bin/../lib/gcc/arm-none-eabi/4.8.3/armv7-m\libcr_eabihelpers.a(division_64.o)
 .ARM.attributes
                0x0000041d       0x21 c:/nxp/lpcxpresso_7.2.0_153/lpcxpresso/tools/bin/../lib/gcc/arm-none-eabi/4.8.3/armv7-m\libcr_eabihelpers.a(division_idiv0.o)
 .ARM.attributes
                0x0000043e       0x21 c:/nxp/lpcxpresso_7.2.0_153/lpcxpresso/tools/bin/../lib/gcc/arm-none-eabi/4.8.3/armv7-m\libcr_eabihelpers.a(memcpy.o)

.debug_frame    0x00000000     0x12a4
 .debug_frame   0x00000000       0x2c ./Descriptors.o
 .debug_frame   0x0000002c       0xf0 ./VirtualSerial.o
 .debug_frame   0x0000011c      0x158 ./cr_startup_lpc17xx40xx.o
 .debug_frame   0x00000274      0x29c ..\..\nxp_xpresso_1769_board_lib\Debug\libnxp_xpresso_1769_board_lib.a(board_nxp_xpresso_1769.o)
 .debug_frame   0x00000510       0x60 ..\..\nxp_xpresso_1769_board_lib\Debug\libnxp_xpresso_1769_board_lib.a(sysinit_nxp_xpresso_1769.o)
 .debug_frame   0x00000570      0x184 ..\..\nxp_xpresso_1769_board_lib\Debug\libnxp_xpresso_1769_board_lib.a(usart_001.o)
 .debug_frame   0x000006f4      0x1c8 ..\..\nxp_xpresso_1769_board_lib\Debug\libnxp_xpresso_1769_board_lib.a(clock_17xx_40xx.o)
 .debug_frame   0x000008bc       0x2c ..\..\nxp_xpresso_1769_board_lib\Debug\libnxp_xpresso_1769_board_lib.a(iocon_17xx_40xx.o)
 .debug_frame   0x000008e8      0x154 ..\..\nxp_xpresso_1769_board_lib\Debug\libnxp_xpresso_1769_board_lib.a(uart_17xx_40xx.o)
 .debug_frame   0x00000a3c       0x90 C:\Users\nix\Desktop\new LPCxpresso project\nxp_xpresso_1769_usblib_device\Debug\libnxp_xpresso_1769_usblib_device.a(USBController.o)
 .debug_frame   0x00000acc       0x50 C:\Users\nix\Desktop\new LPCxpresso project\nxp_xpresso_1769_usblib_device\Debug\libnxp_xpresso_1769_usblib_device.a(USBTask.o)
 .debug_frame   0x00000b1c      0x18c C:\Users\nix\Desktop\new LPCxpresso project\nxp_xpresso_1769_usblib_device\Debug\libnxp_xpresso_1769_usblib_device.a(CDCClassDevice.o)
 .debug_frame   0x00000ca8      0x120 C:\Users\nix\Desktop\new LPCxpresso project\nxp_xpresso_1769_usblib_device\Debug\libnxp_xpresso_1769_usblib_device.a(HAL_LPC17xx.o)
 .debug_frame   0x00000dc8      0x234 C:\Users\nix\Desktop\new LPCxpresso project\nxp_xpresso_1769_usblib_device\Debug\libnxp_xpresso_1769_usblib_device.a(Endpoint_LPC17xx.o)
 .debug_frame   0x00000ffc       0xf0 C:\Users\nix\Desktop\new LPCxpresso project\nxp_xpresso_1769_usblib_device\Debug\libnxp_xpresso_1769_usblib_device.a(DeviceStandardReq.o)
 .debug_frame   0x000010ec       0x80 C:\Users\nix\Desktop\new LPCxpresso project\nxp_xpresso_1769_usblib_device\Debug\libnxp_xpresso_1769_usblib_device.a(Endpoint.o)
 .debug_frame   0x0000116c      0x138 C:\Users\nix\Desktop\new LPCxpresso project\nxp_xpresso_1769_usblib_device\Debug\libnxp_xpresso_1769_usblib_device.a(EndpointStream.o)

.debug_loc      0x00000000     0x20ac
 .debug_loc     0x00000000      0x8df ..\..\nxp_xpresso_1769_board_lib\Debug\libnxp_xpresso_1769_board_lib.a(board_nxp_xpresso_1769.o)
 .debug_loc     0x000008df       0x32 ..\..\nxp_xpresso_1769_board_lib\Debug\libnxp_xpresso_1769_board_lib.a(sysinit_nxp_xpresso_1769.o)
 .debug_loc     0x00000911      0x825 ..\..\nxp_xpresso_1769_board_lib\Debug\libnxp_xpresso_1769_board_lib.a(usart_001.o)
 .debug_loc     0x00001136      0x538 ..\..\nxp_xpresso_1769_board_lib\Debug\libnxp_xpresso_1769_board_lib.a(clock_17xx_40xx.o)
 .debug_loc     0x0000166e       0xe7 ..\..\nxp_xpresso_1769_board_lib\Debug\libnxp_xpresso_1769_board_lib.a(iocon_17xx_40xx.o)
 .debug_loc     0x00001755      0x957 ..\..\nxp_xpresso_1769_board_lib\Debug\libnxp_xpresso_1769_board_lib.a(uart_17xx_40xx.o)
